../Core/Src/main.c:109:6:example	24	static
../Core/Src/main.c:132:5:getSlidingAverageFSRValue	4	static
../Core/Src/main.c:138:6:receiveDataUart	32	static
../Core/Src/main.c:177:6:transmitDataUart	24	static
../Core/Src/main.c:187:6:HAL_GPIO_EXTI_Callback	16	static
../Core/Src/main.c:220:6:checkSwitchState	32	static
../Core/Src/main.c:269:6:getAllTouchSwitchState	48	static
../Core/Src/main.c:364:5:main	160	static
../Core/Src/main.c:670:6:SystemClock_Config	96	static
../Core/Src/main.c:719:6:PeriphCommonClock_Config	144	static
../Core/Src/main.c:745:13:MX_ADC1_Init	48	static
../Core/Src/main.c:812:13:MX_ADC2_Init	32	static
../Core/Src/main.c:870:13:MX_I2C1_Init	8	static
../Core/Src/main.c:918:13:MX_UART4_Init	8	static
../Core/Src/main.c:953:13:MX_USART1_UART_Init	8	static
../Core/Src/main.c:988:13:MX_USART2_UART_Init	8	static
../Core/Src/main.c:1023:13:MX_USART3_UART_Init	8	static
../Core/Src/main.c:1058:13:MX_GPIO_Init	48	static
../Core/Src/main.c:1126:6:Error_Handler	4	static,ignoring_inline_asm
